// Jest Snapshot v1, https://goo.gl/fbAQLP

exports[`TradeDelete Component renders the component correctly 1`] = `""`;
